// Vitest Snapshot v1, https://vitest.dev/guide/snapshot.html

exports[`BUILTIN_THEMES > matches the committed snapshot 1`] = `
[
  {
    "background": {
      "gradient": {
        "angle": 135,
        "stops": [
          {
            "color": "#0f172a",
            "offset": 0,
          },
          {
            "color": "#1e293b",
            "offset": 1,
          },
        ],
        "type": "linear",
      },
      "type": "gradient",
    },
    "builtin": true,
    "createdAt": 0,
    "elements": [
      {
        "bold": false,
        "color": "#ffffff",
        "fontFamily": "Inter",
        "fontSize": 44,
        "fontWeight": 400,
        "height": 64,
        "horizontalAlign": "center",
        "id": "scripture-placeholder",
        "italic": false,
        "lineHeight": 1.5,
        "reference": "John 3:16",
        "referenceColor": "#94a3b8",
        "referenceFontSize": 26,
        "translation": "KJV",
        "type": "scripture",
        "verseText": "For God so loved the world, that he gave his only begotten Son.",
        "verticalAlign": "middle",
        "width": 80,
        "x": 10,
        "y": 18,
      },
    ],
    "id": "builtin-scripture",
    "name": "Scripture",
    "pinned": false,
    "resolution": {
      "height": 1080,
      "width": 1920,
    },
    "type": "scripture",
    "updatedAt": 0,
  },
  {
    "background": {
      "color": "#0b1020",
      "type": "solid",
    },
    "builtin": true,
    "createdAt": 0,
    "elements": [
      {
        "bold": false,
        "color": "#ffffff",
        "fontFamily": "Inter",
        "fontSize": 60,
        "fontWeight": 700,
        "height": 60,
        "horizontalAlign": "center",
        "id": "lyrics-placeholder",
        "italic": false,
        "letterSpacing": 0,
        "lineHeight": 1.3,
        "role": "lyrics",
        "shadow": {
          "blur": 12,
          "color": "rgba(0,0,0,0.6)",
          "offsetX": 0,
          "offsetY": 2,
        },
        "text": "Verse lyrics here",
        "textTransform": "none",
        "type": "text",
        "underline": false,
        "verticalAlign": "middle",
        "width": 84,
        "x": 8,
        "y": 20,
      },
    ],
    "id": "builtin-song",
    "name": "Song",
    "pinned": false,
    "resolution": {
      "height": 1080,
      "width": 1920,
    },
    "type": "song",
    "updatedAt": 0,
  },
  {
    "background": {
      "gradient": {
        "stops": [
          {
            "color": "#1e1b4b",
            "offset": 0,
          },
          {
            "color": "#0f172a",
            "offset": 1,
          },
        ],
        "type": "radial",
      },
      "type": "gradient",
    },
    "builtin": true,
    "createdAt": 0,
    "elements": [
      {
        "bold": false,
        "color": "#e0e7ff",
        "fontFamily": "Inter",
        "fontSize": 52,
        "fontWeight": 600,
        "height": 70,
        "horizontalAlign": "center",
        "id": "lyrics-placeholder",
        "italic": false,
        "letterSpacing": 0,
        "lineHeight": 1.4,
        "role": "lyrics",
        "shadow": {
          "blur": 20,
          "color": "rgba(99,102,241,0.5)",
          "offsetX": 0,
          "offsetY": 0,
        },
        "text": "Verse lyrics here",
        "textTransform": "none",
        "type": "text",
        "underline": false,
        "verticalAlign": "middle",
        "width": 90,
        "x": 5,
        "y": 15,
      },
    ],
    "id": "builtin-song-lyric-glow",
    "name": "Lyric Glow",
    "pinned": false,
    "resolution": {
      "height": 1080,
      "width": 1920,
    },
    "type": "song",
    "updatedAt": 0,
  },
  {
    "background": {
      "color": "#1c1917",
      "type": "solid",
    },
    "builtin": true,
    "createdAt": 0,
    "elements": [
      {
        "bold": false,
        "color": "#fef3c7",
        "fontFamily": "Georgia",
        "fontSize": 48,
        "fontWeight": 400,
        "height": 70,
        "horizontalAlign": "center",
        "id": "lyrics-placeholder",
        "italic": false,
        "letterSpacing": 0,
        "lineHeight": 1.5,
        "role": "lyrics",
        "text": "Verse lyrics here",
        "textTransform": "none",
        "type": "text",
        "underline": false,
        "verticalAlign": "middle",
        "width": 90,
        "x": 5,
        "y": 15,
      },
    ],
    "id": "builtin-song-hymnal",
    "name": "Hymnal",
    "pinned": false,
    "resolution": {
      "height": 1080,
      "width": 1920,
    },
    "type": "song",
    "updatedAt": 0,
  },
  {
    "background": {
      "animated": {
        "baseColor": "#0b1020",
        "intensity": 0.6,
        "palette": [
          "#4c1d95",
          "#1e3a8a",
          "#0ea5e9",
        ],
        "preset": "aurora",
        "speed": 1,
      },
      "type": "animated",
    },
    "builtin": true,
    "createdAt": 0,
    "elements": [
      {
        "bold": false,
        "color": "#f0f9ff",
        "fontFamily": "Inter",
        "fontSize": 52,
        "fontWeight": 600,
        "height": 70,
        "horizontalAlign": "center",
        "id": "lyrics-placeholder",
        "italic": false,
        "letterSpacing": 0,
        "lineHeight": 1.4,
        "role": "lyrics",
        "shadow": {
          "blur": 24,
          "color": "rgba(14,165,233,0.45)",
          "offsetX": 0,
          "offsetY": 0,
        },
        "text": "Verse lyrics here",
        "textBuild": {
          "delay": 0,
          "duration": 320,
          "reveal": "fade-up",
          "type": "line-by-line",
        },
        "textTransform": "none",
        "type": "text",
        "underline": false,
        "verticalAlign": "middle",
        "width": 90,
        "x": 5,
        "y": 15,
      },
    ],
    "id": "builtin-song-aurora",
    "name": "Aurora Worship",
    "pinned": false,
    "resolution": {
      "height": 1080,
      "width": 1920,
    },
    "type": "song",
    "updatedAt": 0,
  },
  {
    "background": {
      "animated": {
        "baseColor": "#1a1206",
        "intensity": 0.7,
        "palette": [
          "#f59e0b",
          "#fbbf24",
          "#fde68a",
        ],
        "preset": "bokeh",
        "speed": 0.8,
      },
      "type": "animated",
    },
    "builtin": true,
    "createdAt": 0,
    "elements": [
      {
        "bold": false,
        "color": "#fffbeb",
        "fontFamily": "Inter",
        "fontSize": 52,
        "fontWeight": 600,
        "height": 70,
        "horizontalAlign": "center",
        "id": "lyrics-placeholder",
        "italic": false,
        "letterSpacing": 0,
        "lineHeight": 1.4,
        "role": "lyrics",
        "shadow": {
          "blur": 24,
          "color": "rgba(251,191,36,0.4)",
          "offsetX": 0,
          "offsetY": 0,
        },
        "text": "Verse lyrics here",
        "textBuild": {
          "delay": 0,
          "duration": 320,
          "reveal": "fade-up",
          "type": "line-by-line",
        },
        "textTransform": "none",
        "type": "text",
        "underline": false,
        "verticalAlign": "middle",
        "width": 90,
        "x": 5,
        "y": 15,
      },
    ],
    "id": "builtin-song-bokeh",
    "name": "Golden Bokeh",
    "pinned": false,
    "resolution": {
      "height": 1080,
      "width": 1920,
    },
    "type": "song",
    "updatedAt": 0,
  },
  {
    "background": {
      "animated": {
        "baseColor": "#1a0a05",
        "intensity": 0.7,
        "palette": [
          "#f97316",
          "#ef4444",
          "#fbbf24",
        ],
        "preset": "embers",
        "speed": 1,
      },
      "type": "animated",
    },
    "builtin": true,
    "createdAt": 0,
    "elements": [
      {
        "bold": false,
        "color": "#fff7ed",
        "fontFamily": "Inter",
        "fontSize": 52,
        "fontWeight": 600,
        "height": 70,
        "horizontalAlign": "center",
        "id": "lyrics-placeholder",
        "italic": false,
        "letterSpacing": 0,
        "lineHeight": 1.4,
        "role": "lyrics",
        "shadow": {
          "blur": 24,
          "color": "rgba(249,115,22,0.45)",
          "offsetX": 0,
          "offsetY": 0,
        },
        "text": "Verse lyrics here",
        "textBuild": {
          "delay": 0,
          "duration": 320,
          "reveal": "fade-up",
          "type": "line-by-line",
        },
        "textTransform": "none",
        "type": "text",
        "underline": false,
        "verticalAlign": "middle",
        "width": 90,
        "x": 5,
        "y": 15,
      },
    ],
    "id": "builtin-song-embers",
    "name": "Ember Glow",
    "pinned": false,
    "resolution": {
      "height": 1080,
      "width": 1920,
    },
    "type": "song",
    "updatedAt": 0,
  },
  {
    "background": {
      "animated": {
        "baseColor": "#060814",
        "intensity": 0.8,
        "palette": [
          "#e0e7ff",
          "#a5b4fc",
          "#c7d2fe",
        ],
        "preset": "starfield",
        "speed": 1,
      },
      "type": "animated",
    },
    "builtin": true,
    "createdAt": 0,
    "elements": [
      {
        "bold": false,
        "color": "#eef2ff",
        "fontFamily": "Inter",
        "fontSize": 52,
        "fontWeight": 600,
        "height": 70,
        "horizontalAlign": "center",
        "id": "lyrics-placeholder",
        "italic": false,
        "letterSpacing": 0,
        "lineHeight": 1.4,
        "role": "lyrics",
        "shadow": {
          "blur": 24,
          "color": "rgba(165,180,252,0.4)",
          "offsetX": 0,
          "offsetY": 0,
        },
        "text": "Verse lyrics here",
        "textBuild": {
          "delay": 0,
          "duration": 320,
          "reveal": "fade-up",
          "type": "line-by-line",
        },
        "textTransform": "none",
        "type": "text",
        "underline": false,
        "verticalAlign": "middle",
        "width": 90,
        "x": 5,
        "y": 15,
      },
    ],
    "id": "builtin-song-starfield",
    "name": "Starry Host",
    "pinned": false,
    "resolution": {
      "height": 1080,
      "width": 1920,
    },
    "type": "song",
    "updatedAt": 0,
  },
  {
    "background": {
      "animated": {
        "baseColor": "#0b1a2b",
        "intensity": 0.7,
        "palette": [
          "#e0f2fe",
          "#bae6fd",
          "#f0f9ff",
        ],
        "preset": "snow",
        "speed": 0.9,
      },
      "type": "animated",
    },
    "builtin": true,
    "createdAt": 0,
    "elements": [
      {
        "bold": false,
        "color": "#f8fafc",
        "fontFamily": "Inter",
        "fontSize": 52,
        "fontWeight": 600,
        "height": 70,
        "horizontalAlign": "center",
        "id": "lyrics-placeholder",
        "italic": false,
        "letterSpacing": 0,
        "lineHeight": 1.4,
        "role": "lyrics",
        "shadow": {
          "blur": 24,
          "color": "rgba(186,230,253,0.4)",
          "offsetX": 0,
          "offsetY": 0,
        },
        "text": "Verse lyrics here",
        "textBuild": {
          "delay": 0,
          "duration": 320,
          "reveal": "fade-up",
          "type": "line-by-line",
        },
        "textTransform": "none",
        "type": "text",
        "underline": false,
        "verticalAlign": "middle",
        "width": 90,
        "x": 5,
        "y": 15,
      },
    ],
    "id": "builtin-song-snow",
    "name": "Silent Night",
    "pinned": false,
    "resolution": {
      "height": 1080,
      "width": 1920,
    },
    "type": "song",
    "updatedAt": 0,
  },
  {
    "background": {
      "animated": {
        "baseColor": "#12100a",
        "intensity": 0.7,
        "palette": [
          "#fde68a",
          "#fca5a5",
          "#fef3c7",
        ],
        "preset": "godrays",
        "speed": 0.8,
      },
      "type": "animated",
    },
    "builtin": true,
    "createdAt": 0,
    "elements": [
      {
        "bold": false,
        "color": "#fffdf5",
        "fontFamily": "Inter",
        "fontSize": 52,
        "fontWeight": 600,
        "height": 70,
        "horizontalAlign": "center",
        "id": "lyrics-placeholder",
        "italic": false,
        "letterSpacing": 0,
        "lineHeight": 1.4,
        "role": "lyrics",
        "shadow": {
          "blur": 24,
          "color": "rgba(253,230,138,0.45)",
          "offsetX": 0,
          "offsetY": 0,
        },
        "text": "Verse lyrics here",
        "textBuild": {
          "delay": 0,
          "duration": 320,
          "reveal": "fade-up",
          "type": "line-by-line",
        },
        "textTransform": "none",
        "type": "text",
        "underline": false,
        "verticalAlign": "middle",
        "width": 90,
        "x": 5,
        "y": 15,
      },
    ],
    "id": "builtin-song-godrays",
    "name": "Light of the World",
    "pinned": false,
    "resolution": {
      "height": 1080,
      "width": 1920,
    },
    "type": "song",
    "updatedAt": 0,
  },
  {
    "background": {
      "animated": {
        "baseColor": "#050b12",
        "intensity": 0.9,
        "palette": [
          "#0f766e",
          "#1e3a8a",
          "#6d28d9",
        ],
        "preset": "gradient-drift",
        "speed": 0.7,
      },
      "type": "animated",
    },
    "builtin": true,
    "createdAt": 0,
    "elements": [
      {
        "bold": false,
        "color": "#f0fdfa",
        "fontFamily": "Inter",
        "fontSize": 52,
        "fontWeight": 600,
        "height": 70,
        "horizontalAlign": "center",
        "id": "lyrics-placeholder",
        "italic": false,
        "letterSpacing": 0,
        "lineHeight": 1.4,
        "role": "lyrics",
        "shadow": {
          "blur": 24,
          "color": "rgba(45,212,191,0.4)",
          "offsetX": 0,
          "offsetY": 0,
        },
        "text": "Verse lyrics here",
        "textBuild": {
          "delay": 0,
          "duration": 320,
          "reveal": "fade-up",
          "type": "line-by-line",
        },
        "textTransform": "none",
        "type": "text",
        "underline": false,
        "verticalAlign": "middle",
        "width": 90,
        "x": 5,
        "y": 15,
      },
    ],
    "id": "builtin-song-drift",
    "name": "Flowing Grace",
    "pinned": false,
    "resolution": {
      "height": 1080,
      "width": 1920,
    },
    "type": "song",
    "updatedAt": 0,
  },
  {
    "background": {
      "gradient": {
        "stops": [
          {
            "color": "#1e1b4b",
            "offset": 0,
          },
          {
            "color": "#020617",
            "offset": 1,
          },
        ],
        "type": "radial",
      },
      "type": "gradient",
    },
    "builtin": true,
    "createdAt": 0,
    "elements": [
      {
        "bold": false,
        "color": "#c7d2fe",
        "fontFamily": "Inter",
        "fontSize": 40,
        "fontWeight": 600,
        "height": 16,
        "horizontalAlign": "center",
        "id": "countdown-heading",
        "italic": false,
        "letterSpacing": 0,
        "lineHeight": 1.4,
        "text": "Service starts in",
        "textTransform": "none",
        "type": "text",
        "underline": false,
        "verticalAlign": "middle",
        "width": 80,
        "x": 10,
        "y": 26,
      },
      {
        "color": "#ffffff",
        "durationSeconds": 600,
        "fontFamily": "Inter",
        "fontSize": 140,
        "fontWeight": 800,
        "format": "mm:ss",
        "height": 26,
        "horizontalAlign": "center",
        "id": "countdown-timer",
        "italic": false,
        "mode": "duration",
        "type": "timer",
        "verticalAlign": "middle",
        "width": 80,
        "x": 10,
        "y": 42,
      },
    ],
    "id": "builtin-countdown",
    "name": "Countdown",
    "pinned": false,
    "resolution": {
      "height": 1080,
      "width": 1920,
    },
    "type": "countdown",
    "updatedAt": 0,
  },
  {
    "background": {
      "color": "#111827",
      "type": "solid",
    },
    "builtin": true,
    "createdAt": 0,
    "elements": [
      {
        "bold": false,
        "color": "#ffffff",
        "fontFamily": "Inter",
        "fontSize": 72,
        "fontWeight": 800,
        "height": 22,
        "horizontalAlign": "left",
        "id": "sermon-title",
        "italic": false,
        "letterSpacing": 0,
        "lineHeight": 1.4,
        "role": "title",
        "text": "Sermon Title",
        "textTransform": "none",
        "type": "text",
        "underline": false,
        "verticalAlign": "top",
        "width": 84,
        "x": 8,
        "y": 12,
      },
      {
        "bold": false,
        "color": "#ffffff",
        "fontFamily": "Inter",
        "fontSize": 40,
        "fontWeight": 400,
        "height": 52,
        "horizontalAlign": "left",
        "id": "sermon-points",
        "italic": false,
        "letterSpacing": 0,
        "lineHeight": 1.6,
        "listType": "numbered",
        "role": "points",
        "text": "1. First point
2. Second point
3. Third point",
        "textTransform": "none",
        "type": "text",
        "underline": false,
        "verticalAlign": "top",
        "width": 84,
        "x": 8,
        "y": 38,
      },
    ],
    "id": "builtin-sermon",
    "name": "Sermon",
    "pinned": false,
    "resolution": {
      "height": 1080,
      "width": 1920,
    },
    "type": "sermon",
    "updatedAt": 0,
  },
  {
    "background": {
      "type": "transparent",
    },
    "builtin": true,
    "createdAt": 0,
    "elements": [
      {
        "borderRadius": 8,
        "fillColor": "rgba(2,6,23,0.72)",
        "height": 18,
        "id": "overlay-bar",
        "opacity": 1,
        "shapeType": "rounded-rect",
        "strokeColor": "#ffffff",
        "strokeWidth": 0,
        "type": "shape",
        "width": 60,
        "x": 6,
        "y": 72,
      },
      {
        "bold": false,
        "color": "#ffffff",
        "fontFamily": "Inter",
        "fontSize": 40,
        "fontWeight": 700,
        "height": 9,
        "horizontalAlign": "left",
        "id": "overlay-title",
        "italic": false,
        "letterSpacing": 0,
        "lineHeight": 1.4,
        "text": "Title",
        "textTransform": "none",
        "type": "text",
        "underline": false,
        "verticalAlign": "middle",
        "width": 54,
        "x": 9,
        "y": 73,
      },
      {
        "bold": false,
        "color": "#cbd5e1",
        "fontFamily": "Inter",
        "fontSize": 26,
        "fontWeight": 400,
        "height": 7,
        "horizontalAlign": "left",
        "id": "overlay-subtitle",
        "italic": false,
        "letterSpacing": 0,
        "lineHeight": 1.4,
        "text": "Subtitle",
        "textTransform": "none",
        "type": "text",
        "underline": false,
        "verticalAlign": "middle",
        "width": 54,
        "x": 9,
        "y": 82,
      },
    ],
    "id": "builtin-overlay",
    "name": "Lower Third",
    "pinned": false,
    "resolution": {
      "height": 1080,
      "width": 1920,
    },
    "type": "overlay",
    "updatedAt": 0,
  },
  {
    "background": {
      "gradient": {
        "angle": 160,
        "stops": [
          {
            "color": "#7c2d12",
            "offset": 0,
          },
          {
            "color": "#1c1917",
            "offset": 1,
          },
        ],
        "type": "linear",
      },
      "type": "gradient",
    },
    "builtin": true,
    "createdAt": 0,
    "elements": [
      {
        "bold": false,
        "color": "#ffffff",
        "fontFamily": "Inter",
        "fontSize": 76,
        "fontWeight": 800,
        "height": 20,
        "horizontalAlign": "center",
        "id": "announcement-title",
        "italic": false,
        "letterSpacing": 0,
        "lineHeight": 1.4,
        "role": "title",
        "text": "Announcement",
        "textTransform": "none",
        "type": "text",
        "underline": false,
        "verticalAlign": "middle",
        "width": 84,
        "x": 8,
        "y": 16,
      },
      {
        "bold": false,
        "color": "#ffffff",
        "fontFamily": "Inter",
        "fontSize": 40,
        "fontWeight": 400,
        "height": 44,
        "horizontalAlign": "center",
        "id": "announcement-body",
        "italic": false,
        "letterSpacing": 0,
        "lineHeight": 1.5,
        "role": "body",
        "text": "Details go here.",
        "textTransform": "none",
        "type": "text",
        "underline": false,
        "verticalAlign": "middle",
        "width": 76,
        "x": 12,
        "y": 42,
      },
    ],
    "id": "builtin-announcement",
    "name": "Announcement",
    "pinned": false,
    "resolution": {
      "height": 1080,
      "width": 1920,
    },
    "type": "announcement",
    "updatedAt": 0,
  },
]
`;
